==========================================
  CausalCIT 多 Seed 消融实验
  开始时间: 2026年 07月 20日 星期一 19:58:49 CST
  3 个 seed: 42, 123, 2024
==========================================

==========================================
  >>> Seed = 42 开始: 2026年 07月 20日 星期一 19:58:49 CST
==========================================
========================================================================
  CausalCIT 消融实验 (Ablation Study)
========================================================================
  设备: cuda
  变体数: 5
    - patchtst: PatchTST (no interaction)
    - no_gate: w/o Gate (full attention)
    - no_env: w/o EnvSplit (global HSIC)
    - no_hsic: w/o HSIC (Pearson corr)
    - full: Full CausalCIT (Ours)

========================================================================
  消融实验: 合成数据 (d_model=64, 50 epochs)
========================================================================

--- PatchTST (no interaction) ---
  参数量: 225,646
  Epoch   1/50 | Train Loss: 0.524095 | Val Loss: 0.455043 | LR: 5.05e-05
  Epoch   2/50 | Train Loss: 0.426142 | Val Loss: 0.445805 | LR: 8.15e-05
  Epoch   3/50 | Train Loss: 0.418769 | Val Loss: 0.443135 | LR: 1.32e-04
  Epoch   4/50 | Train Loss: 0.414523 | Val Loss: 0.441784 | LR: 1.99e-04
  Epoch   5/50 | Train Loss: 0.411759 | Val Loss: 0.443452 | LR: 2.80e-04
  Epoch   6/50 | Train Loss: 0.407968 | Val Loss: 0.437629 | LR: 3.72e-04
  Epoch   7/50 | Train Loss: 0.401397 | Val Loss: 0.420995 | LR: 4.70e-04
  Epoch   8/50 | Train Loss: 0.395584 | Val Loss: 0.417120 | LR: 5.70e-04
  Epoch   9/50 | Train Loss: 0.391444 | Val Loss: 0.414128 | LR: 6.69e-04
  Epoch  10/50 | Train Loss: 0.389196 | Val Loss: 0.411176 | LR: 7.60e-04
  Epoch  11/50 | Train Loss: 0.387320 | Val Loss: 0.413056 | LR: 8.41e-04
  Epoch  12/50 | Train Loss: 0.384624 | Val Loss: 0.412803 | LR: 9.09e-04
  Epoch  13/50 | Train Loss: 0.382085 | Val Loss: 0.415241 | LR: 9.59e-04
  Epoch  14/50 | Train Loss: 0.379738 | Val Loss: 0.416133 | LR: 9.90e-04
  Epoch  15/50 | Train Loss: 0.376885 | Val Loss: 0.417674 | LR: 1.00e-03
  Epoch  16/50 | Train Loss: 0.374112 | Val Loss: 0.422028 | LR: 9.98e-04
  Epoch  17/50 | Train Loss: 0.371111 | Val Loss: 0.422028 | LR: 9.92e-04
  Epoch  18/50 | Train Loss: 0.367824 | Val Loss: 0.423207 | LR: 9.82e-04
  Epoch  19/50 | Train Loss: 0.364472 | Val Loss: 0.427428 | LR: 9.68e-04
  Epoch  20/50 | Train Loss: 0.361030 | Val Loss: 0.423560 | LR: 9.50e-04
  Early stopping at epoch 20
  MSE: 0.484986 | MAE: 0.527619 | Time: 25s

--- w/o Gate (full attention) ---
  参数量: 250,735
  Epoch   1/50 | Train Loss: 0.487729 | Val Loss: 0.450465 | LR: 5.05e-05
  Epoch   2/50 | Train Loss: 0.413762 | Val Loss: 0.442695 | LR: 8.15e-05
  Epoch   3/50 | Train Loss: 0.408884 | Val Loss: 0.440062 | LR: 1.32e-04
  Epoch   4/50 | Train Loss: 0.406453 | Val Loss: 0.438140 | LR: 1.99e-04
  Epoch   5/50 | Train Loss: 0.403722 | Val Loss: 0.433849 | LR: 2.80e-04
  Epoch   6/50 | Train Loss: 0.399144 | Val Loss: 0.428205 | LR: 3.72e-04
  Epoch   7/50 | Train Loss: 0.392303 | Val Loss: 0.416644 | LR: 4.70e-04
  Epoch   8/50 | Train Loss: 0.386860 | Val Loss: 0.411271 | LR: 5.70e-04
  Epoch   9/50 | Train Loss: 0.380202 | Val Loss: 0.419691 | LR: 6.69e-04
  Epoch  10/50 | Train Loss: 0.374845 | Val Loss: 0.421523 | LR: 7.60e-04
  Epoch  11/50 | Train Loss: 0.370550 | Val Loss: 0.424487 | LR: 8.41e-04
  Epoch  12/50 | Train Loss: 0.365524 | Val Loss: 0.424995 | LR: 9.09e-04
  Epoch  13/50 | Train Loss: 0.360424 | Val Loss: 0.428889 | LR: 9.59e-04
  Epoch  14/50 | Train Loss: 0.356165 | Val Loss: 0.426903 | LR: 9.90e-04
  Epoch  15/50 | Train Loss: 0.350832 | Val Loss: 0.430378 | LR: 1.00e-03
  Epoch  16/50 | Train Loss: 0.345772 | Val Loss: 0.435646 | LR: 9.98e-04
  Epoch  17/50 | Train Loss: 0.341066 | Val Loss: 0.437447 | LR: 9.92e-04
  Epoch  18/50 | Train Loss: 0.336283 | Val Loss: 0.443969 | LR: 9.82e-04
  Early stopping at epoch 18
  MSE: 0.487643 | MAE: 0.527911 | Time: 27s

--- w/o EnvSplit (global HSIC) ---
  参数量: 250,833
  Epoch   1/50 | Train Loss: 0.480051 | Val Loss: 0.450234 | LR: 5.05e-05
  Epoch   2/50 | Train Loss: 0.413413 | Val Loss: 0.443077 | LR: 8.15e-05
  Epoch   3/50 | Train Loss: 0.408884 | Val Loss: 0.439889 | LR: 1.32e-04
  Epoch   4/50 | Train Loss: 0.406308 | Val Loss: 0.437067 | LR: 1.99e-04
  Epoch   5/50 | Train Loss: 0.403339 | Val Loss: 0.438621 | LR: 2.80e-04
  Epoch   6/50 | Train Loss: 0.399773 | Val Loss: 0.432244 | LR: 3.72e-04
  Epoch   7/50 | Train Loss: 0.394437 | Val Loss: 0.426994 | LR: 4.70e-04
  Epoch   8/50 | Train Loss: 0.389893 | Val Loss: 0.423028 | LR: 5.70e-04
  Epoch   9/50 | Train Loss: 0.384603 | Val Loss: 0.421601 | LR: 6.69e-04
  Epoch  10/50 | Train Loss: 0.379900 | Val Loss: 0.423337 | LR: 7.60e-04
  Epoch  11/50 | Train Loss: 0.375850 | Val Loss: 0.430120 | LR: 8.41e-04
  Epoch  12/50 | Train Loss: 0.371558 | Val Loss: 0.424141 | LR: 9.09e-04
  Epoch  13/50 | Train Loss: 0.366716 | Val Loss: 0.428015 | LR: 9.59e-04
  Epoch  14/50 | Train Loss: 0.361913 | Val Loss: 0.432123 | LR: 9.90e-04
  Epoch  15/50 | Train Loss: 0.357534 | Val Loss: 0.426149 | LR: 1.00e-03
  Epoch  16/50 | Train Loss: 0.352582 | Val Loss: 0.428114 | LR: 9.98e-04
  Epoch  17/50 | Train Loss: 0.347223 | Val Loss: 0.441083 | LR: 9.92e-04
  Epoch  18/50 | Train Loss: 0.342933 | Val Loss: 0.442671 | LR: 9.82e-04
  Epoch  19/50 | Train Loss: 0.337375 | Val Loss: 0.445133 | LR: 9.68e-04
  Early stopping at epoch 19
  MSE: 0.496067 | MAE: 0.532370 | Time: 33s

--- w/o HSIC (Pearson corr) ---
  参数量: 250,834
  Epoch   1/50 | Train Loss: 0.491157 | Val Loss: 0.451316 | LR: 5.05e-05
  Epoch   2/50 | Train Loss: 0.414203 | Val Loss: 0.443682 | LR: 8.15e-05
  Epoch   3/50 | Train Loss: 0.408611 | Val Loss: 0.440257 | LR: 1.32e-04
  Epoch   4/50 | Train Loss: 0.405472 | Val Loss: 0.438998 | LR: 1.99e-04
  Epoch   5/50 | Train Loss: 0.402665 | Val Loss: 0.433534 | LR: 2.80e-04
  Epoch   6/50 | Train Loss: 0.398731 | Val Loss: 0.428257 | LR: 3.72e-04
  Epoch   7/50 | Train Loss: 0.392429 | Val Loss: 0.431411 | LR: 4.70e-04
  Epoch   8/50 | Train Loss: 0.387704 | Val Loss: 0.418113 | LR: 5.70e-04
  Epoch   9/50 | Train Loss: 0.384399 | Val Loss: 0.417020 | LR: 6.69e-04
  Epoch  10/50 | Train Loss: 0.381177 | Val Loss: 0.416952 | LR: 7.60e-04
  Epoch  11/50 | Train Loss: 0.377344 | Val Loss: 0.423384 | LR: 8.41e-04
  Epoch  12/50 | Train Loss: 0.373526 | Val Loss: 0.426420 | LR: 9.09e-04
  Epoch  13/50 | Train Loss: 0.369649 | Val Loss: 0.422121 | LR: 9.59e-04
  Epoch  14/50 | Train Loss: 0.365076 | Val Loss: 0.428343 | LR: 9.90e-04
  Epoch  15/50 | Train Loss: 0.360549 | Val Loss: 0.429382 | LR: 1.00e-03
  Epoch  16/50 | Train Loss: 0.355857 | Val Loss: 0.441038 | LR: 9.98e-04
  Epoch  17/50 | Train Loss: 0.350973 | Val Loss: 0.435207 | LR: 9.92e-04
  Epoch  18/50 | Train Loss: 0.346757 | Val Loss: 0.444386 | LR: 9.82e-04
  Epoch  19/50 | Train Loss: 0.342619 | Val Loss: 0.438811 | LR: 9.68e-04
  Epoch  20/50 | Train Loss: 0.337502 | Val Loss: 0.451880 | LR: 9.50e-04
  Early stopping at epoch 20
  MSE: 0.490490 | MAE: 0.529310 | Time: 39s

--- Full CausalCIT (Ours) ---
  参数量: 250,835
  Epoch   1/50 | Train Loss: 0.480051 | Val Loss: 0.450234 | LR: 5.05e-05
  Epoch   2/50 | Train Loss: 0.413413 | Val Loss: 0.443077 | LR: 8.15e-05
  Epoch   3/50 | Train Loss: 0.408884 | Val Loss: 0.439889 | LR: 1.32e-04
  Epoch   4/50 | Train Loss: 0.406308 | Val Loss: 0.437067 | LR: 1.99e-04
  Epoch   5/50 | Train Loss: 0.403339 | Val Loss: 0.438621 | LR: 2.80e-04
  Epoch   6/50 | Train Loss: 0.399773 | Val Loss: 0.432242 | LR: 3.72e-04
  Epoch   7/50 | Train Loss: 0.394438 | Val Loss: 0.427013 | LR: 4.70e-04
  Epoch   8/50 | Train Loss: 0.389896 | Val Loss: 0.423116 | LR: 5.70e-04
  Epoch   9/50 | Train Loss: 0.384595 | Val Loss: 0.421675 | LR: 6.69e-04
  Epoch  10/50 | Train Loss: 0.379878 | Val Loss: 0.423237 | LR: 7.60e-04
  Epoch  11/50 | Train Loss: 0.375810 | Val Loss: 0.430585 | LR: 8.41e-04
  Epoch  12/50 | Train Loss: 0.371432 | Val Loss: 0.424386 | LR: 9.09e-04
  Epoch  13/50 | Train Loss: 0.366694 | Val Loss: 0.427265 | LR: 9.59e-04
  Epoch  14/50 | Train Loss: 0.361744 | Val Loss: 0.428508 | LR: 9.90e-04
  Epoch  15/50 | Train Loss: 0.357311 | Val Loss: 0.427427 | LR: 1.00e-03
  Epoch  16/50 | Train Loss: 0.352642 | Val Loss: 0.429583 | LR: 9.98e-04
  Epoch  17/50 | Train Loss: 0.347202 | Val Loss: 0.444101 | LR: 9.92e-04
  Epoch  18/50 | Train Loss: 0.342849 | Val Loss: 0.442977 | LR: 9.82e-04
  Epoch  19/50 | Train Loss: 0.337192 | Val Loss: 0.444822 | LR: 9.68e-04
  Early stopping at epoch 19
  MSE: 0.496238 | MAE: 0.532446 | Time: 35s

  可视化已保存: ./output_seed42/ablation_synthetic.png

========================================================================
  消融实验: ETTh1 真实数据
========================================================================

  ▶ pred_len = 96
  Epoch   1/30 | Train Loss: 0.531869 | Val Loss: 0.771159 | LR: 6.90e-05
  Epoch   2/30 | Train Loss: 0.410225 | Val Loss: 0.711392 | LR: 1.52e-04
  Epoch   3/30 | Train Loss: 0.382076 | Val Loss: 0.699549 | LR: 2.80e-04
  Epoch   4/30 | Train Loss: 0.371586 | Val Loss: 0.688988 | LR: 4.37e-04
  Epoch   5/30 | Train Loss: 0.364840 | Val Loss: 0.690614 | LR: 6.04e-04
  Epoch   6/30 | Train Loss: 0.359788 | Val Loss: 0.688987 | LR: 7.60e-04
  Epoch   7/30 | Train Loss: 0.355630 | Val Loss: 0.685157 | LR: 8.88e-04
  Epoch   8/30 | Train Loss: 0.351937 | Val Loss: 0.693616 | LR: 9.71e-04
  Epoch   9/30 | Train Loss: 0.348787 | Val Loss: 0.683374 | LR: 1.00e-03
  Epoch  10/30 | Train Loss: 0.346419 | Val Loss: 0.704188 | LR: 9.94e-04
  Epoch  11/30 | Train Loss: 0.343343 | Val Loss: 0.695279 | LR: 9.78e-04
  Epoch  12/30 | Train Loss: 0.341670 | Val Loss: 0.709889 | LR: 9.50e-04
  Epoch  13/30 | Train Loss: 0.339308 | Val Loss: 0.689114 | LR: 9.13e-04
  Epoch  14/30 | Train Loss: 0.337671 | Val Loss: 0.712302 | LR: 8.66e-04
  Epoch  15/30 | Train Loss: 0.336643 | Val Loss: 0.702484 | LR: 8.12e-04
  Epoch  16/30 | Train Loss: 0.335060 | Val Loss: 0.713039 | LR: 7.50e-04
  Early stopping at epoch 16
    PatchTST (no interaction)       MSE=0.374373  MAE=0.396875
  Epoch   1/30 | Train Loss: 0.492840 | Val Loss: 0.820309 | LR: 6.90e-05
  Epoch   2/30 | Train Loss: 0.395552 | Val Loss: 0.712060 | LR: 1.52e-04
  Epoch   3/30 | Train Loss: 0.371151 | Val Loss: 0.701345 | LR: 2.80e-04
  Epoch   4/30 | Train Loss: 0.363546 | Val Loss: 0.685905 | LR: 4.37e-04
  Epoch   5/30 | Train Loss: 0.357105 | Val Loss: 0.690693 | LR: 6.04e-04
  Epoch   6/30 | Train Loss: 0.350257 | Val Loss: 0.701402 | LR: 7.60e-04
  Epoch   7/30 | Train Loss: 0.345403 | Val Loss: 0.690843 | LR: 8.88e-04
  Epoch   8/30 | Train Loss: 0.341979 | Val Loss: 0.690709 | LR: 9.71e-04
  Epoch   9/30 | Train Loss: 0.338545 | Val Loss: 0.703971 | LR: 1.00e-03
  Epoch  10/30 | Train Loss: 0.336166 | Val Loss: 0.700270 | LR: 9.94e-04
  Epoch  11/30 | Train Loss: 0.333039 | Val Loss: 0.710030 | LR: 9.78e-04
  Early stopping at epoch 11
    w/o Gate (full attention)       MSE=0.382267  MAE=0.396752
  Epoch   1/30 | Train Loss: 0.495450 | Val Loss: 0.824413 | LR: 6.90e-05
  Epoch   2/30 | Train Loss: 0.397114 | Val Loss: 0.717602 | LR: 1.52e-04
  Epoch   3/30 | Train Loss: 0.371818 | Val Loss: 0.697552 | LR: 2.80e-04
  Epoch   4/30 | Train Loss: 0.363978 | Val Loss: 0.693624 | LR: 4.37e-04
  Epoch   5/30 | Train Loss: 0.356866 | Val Loss: 0.691933 | LR: 6.04e-04
  Epoch   6/30 | Train Loss: 0.350810 | Val Loss: 0.691629 | LR: 7.60e-04
  Epoch   7/30 | Train Loss: 0.345975 | Val Loss: 0.699315 | LR: 8.88e-04
  Epoch   8/30 | Train Loss: 0.341851 | Val Loss: 0.691697 | LR: 9.71e-04
  Epoch   9/30 | Train Loss: 0.338033 | Val Loss: 0.713052 | LR: 1.00e-03
  Epoch  10/30 | Train Loss: 0.335350 | Val Loss: 0.708958 | LR: 9.94e-04
  Epoch  11/30 | Train Loss: 0.331436 | Val Loss: 0.720101 | LR: 9.78e-04
  Epoch  12/30 | Train Loss: 0.329433 | Val Loss: 0.695055 | LR: 9.50e-04
  Epoch  13/30 | Train Loss: 0.326486 | Val Loss: 0.706968 | LR: 9.13e-04
  Early stopping at epoch 13
    w/o EnvSplit (global HSIC)      MSE=0.378014  MAE=0.397349
  Epoch   1/30 | Train Loss: 0.493226 | Val Loss: 0.816386 | LR: 6.90e-05
  Epoch   2/30 | Train Loss: 0.394802 | Val Loss: 0.713885 | LR: 1.52e-04
  Epoch   3/30 | Train Loss: 0.372000 | Val Loss: 0.707019 | LR: 2.80e-04
  Epoch   4/30 | Train Loss: 0.364135 | Val Loss: 0.686702 | LR: 4.37e-04
  Epoch   5/30 | Train Loss: 0.358198 | Val Loss: 0.702914 | LR: 6.04e-04
  Epoch   6/30 | Train Loss: 0.352580 | Val Loss: 0.698380 | LR: 7.60e-04
  Epoch   7/30 | Train Loss: 0.347074 | Val Loss: 0.693407 | LR: 8.88e-04
  Epoch   8/30 | Train Loss: 0.342799 | Val Loss: 0.697417 | LR: 9.71e-04
  Epoch   9/30 | Train Loss: 0.338775 | Val Loss: 0.704486 | LR: 1.00e-03
  Epoch  10/30 | Train Loss: 0.335517 | Val Loss: 0.685169 | LR: 9.94e-04
  Epoch  11/30 | Train Loss: 0.332511 | Val Loss: 0.686579 | LR: 9.78e-04
  Epoch  12/30 | Train Loss: 0.329306 | Val Loss: 0.698588 | LR: 9.50e-04
  Epoch  13/30 | Train Loss: 0.326607 | Val Loss: 0.708101 | LR: 9.13e-04
  Epoch  14/30 | Train Loss: 0.324336 | Val Loss: 0.700860 | LR: 8.66e-04
  Epoch  15/30 | Train Loss: 0.321666 | Val Loss: 0.697478 | LR: 8.12e-04
  Epoch  16/30 | Train Loss: 0.319676 | Val Loss: 0.687203 | LR: 7.50e-04
  Epoch  17/30 | Train Loss: 0.317587 | Val Loss: 0.704549 | LR: 6.82e-04
  Early stopping at epoch 17
    w/o HSIC (Pearson corr)         MSE=0.379753  MAE=0.401197
  Epoch   1/30 | Train Loss: 0.495450 | Val Loss: 0.824414 | LR: 6.90e-05
  Epoch   2/30 | Train Loss: 0.397114 | Val Loss: 0.717599 | LR: 1.52e-04
  Epoch   3/30 | Train Loss: 0.371817 | Val Loss: 0.697550 | LR: 2.80e-04
  Epoch   4/30 | Train Loss: 0.363975 | Val Loss: 0.693626 | LR: 4.37e-04
  Epoch   5/30 | Train Loss: 0.356835 | Val Loss: 0.691898 | LR: 6.04e-04
  Epoch   6/30 | Train Loss: 0.350784 | Val Loss: 0.691894 | LR: 7.60e-04
  Epoch   7/30 | Train Loss: 0.345958 | Val Loss: 0.699403 | LR: 8.88e-04
  Epoch   8/30 | Train Loss: 0.341785 | Val Loss: 0.692569 | LR: 9.71e-04
  Epoch   9/30 | Train Loss: 0.337947 | Val Loss: 0.712872 | LR: 1.00e-03
  Epoch  10/30 | Train Loss: 0.335451 | Val Loss: 0.710574 | LR: 9.94e-04
  Epoch  11/30 | Train Loss: 0.331298 | Val Loss: 0.717570 | LR: 9.78e-04
  Epoch  12/30 | Train Loss: 0.329331 | Val Loss: 0.693690 | LR: 9.50e-04
  Epoch  13/30 | Train Loss: 0.326857 | Val Loss: 0.703222 | LR: 9.13e-04
  Early stopping at epoch 13
    Full CausalCIT (Ours)           MSE=0.378064  MAE=0.397427

  ▶ pred_len = 336
  Epoch   1/30 | Train Loss: 0.646050 | Val Loss: 1.359110 | LR: 6.90e-05
  Epoch   2/30 | Train Loss: 0.533114 | Val Loss: 1.301252 | LR: 1.52e-04
  Epoch   3/30 | Train Loss: 0.507030 | Val Loss: 1.293738 | LR: 2.80e-04
  Epoch   4/30 | Train Loss: 0.496928 | Val Loss: 1.295714 | LR: 4.37e-04
  Epoch   5/30 | Train Loss: 0.487540 | Val Loss: 1.309261 | LR: 6.04e-04
  Epoch   6/30 | Train Loss: 0.479806 | Val Loss: 1.314976 | LR: 7.60e-04
  Epoch   7/30 | Train Loss: 0.473147 | Val Loss: 1.323982 | LR: 8.88e-04
  Epoch   8/30 | Train Loss: 0.467052 | Val Loss: 1.328854 | LR: 9.71e-04
  Epoch   9/30 | Train Loss: 0.462604 | Val Loss: 1.328262 | LR: 1.00e-03
  Epoch  10/30 | Train Loss: 0.458724 | Val Loss: 1.321062 | LR: 9.94e-04
  Early stopping at epoch 10
    PatchTST (no interaction)       MSE=0.480330  MAE=0.449505
  Epoch   1/30 | Train Loss: 0.601356 | Val Loss: 1.384801 | LR: 6.90e-05
  Epoch   2/30 | Train Loss: 0.516388 | Val Loss: 1.306203 | LR: 1.52e-04
  Epoch   3/30 | Train Loss: 0.495666 | Val Loss: 1.300162 | LR: 2.80e-04
  Epoch   4/30 | Train Loss: 0.484117 | Val Loss: 1.323804 | LR: 4.37e-04
  Epoch   5/30 | Train Loss: 0.474889 | Val Loss: 1.333102 | LR: 6.04e-04
  Epoch   6/30 | Train Loss: 0.466409 | Val Loss: 1.333586 | LR: 7.60e-04
  Epoch   7/30 | Train Loss: 0.459301 | Val Loss: 1.317262 | LR: 8.88e-04
  Epoch   8/30 | Train Loss: 0.452490 | Val Loss: 1.317232 | LR: 9.71e-04
  Epoch   9/30 | Train Loss: 0.447531 | Val Loss: 1.310630 | LR: 1.00e-03
  Epoch  10/30 | Train Loss: 0.442859 | Val Loss: 1.314131 | LR: 9.94e-04
  Early stopping at epoch 10
    w/o Gate (full attention)       MSE=0.484593  MAE=0.451289
  Epoch   1/30 | Train Loss: 0.600304 | Val Loss: 1.383312 | LR: 6.90e-05
  Epoch   2/30 | Train Loss: 0.516087 | Val Loss: 1.306942 | LR: 1.52e-04
  Epoch   3/30 | Train Loss: 0.494656 | Val Loss: 1.299021 | LR: 2.80e-04
  Epoch   4/30 | Train Loss: 0.484209 | Val Loss: 1.310629 | LR: 4.37e-04
  Epoch   5/30 | Train Loss: 0.474941 | Val Loss: 1.314726 | LR: 6.04e-04
  Epoch   6/30 | Train Loss: 0.467096 | Val Loss: 1.304277 | LR: 7.60e-04
  Epoch   7/30 | Train Loss: 0.459514 | Val Loss: 1.303059 | LR: 8.88e-04
  Epoch   8/30 | Train Loss: 0.453320 | Val Loss: 1.303101 | LR: 9.71e-04
  Epoch   9/30 | Train Loss: 0.448319 | Val Loss: 1.296652 | LR: 1.00e-03
  Epoch  10/30 | Train Loss: 0.443372 | Val Loss: 1.308179 | LR: 9.94e-04
  Epoch  11/30 | Train Loss: 0.439688 | Val Loss: 1.286478 | LR: 9.78e-04
  Epoch  12/30 | Train Loss: 0.432065 | Val Loss: 1.289949 | LR: 9.50e-04
  Epoch  13/30 | Train Loss: 0.428012 | Val Loss: 1.292346 | LR: 9.13e-04
  Epoch  14/30 | Train Loss: 0.422587 | Val Loss: 1.298953 | LR: 8.66e-04
  Epoch  15/30 | Train Loss: 0.420317 | Val Loss: 1.287525 | LR: 8.12e-04
  Epoch  16/30 | Train Loss: 0.415755 | Val Loss: 1.296106 | LR: 7.50e-04
  Epoch  17/30 | Train Loss: 0.412235 | Val Loss: 1.292083 | LR: 6.82e-04
  Epoch  18/30 | Train Loss: 0.407388 | Val Loss: 1.291699 | LR: 6.11e-04
  Early stopping at epoch 18
    w/o EnvSplit (global HSIC)      MSE=0.469039  MAE=0.451604
  Epoch   1/30 | Train Loss: 0.602297 | Val Loss: 1.383783 | LR: 6.90e-05
  Epoch   2/30 | Train Loss: 0.516112 | Val Loss: 1.303844 | LR: 1.52e-04
  Epoch   3/30 | Train Loss: 0.494420 | Val Loss: 1.297729 | LR: 2.80e-04
  Epoch   4/30 | Train Loss: 0.483712 | Val Loss: 1.315127 | LR: 4.37e-04
  Epoch   5/30 | Train Loss: 0.475823 | Val Loss: 1.334671 | LR: 6.04e-04
  Epoch   6/30 | Train Loss: 0.467583 | Val Loss: 1.329567 | LR: 7.60e-04
  Epoch   7/30 | Train Loss: 0.459662 | Val Loss: 1.308613 | LR: 8.88e-04
  Epoch   8/30 | Train Loss: 0.453158 | Val Loss: 1.297004 | LR: 9.71e-04
  Epoch   9/30 | Train Loss: 0.446391 | Val Loss: 1.300100 | LR: 1.00e-03
  Epoch  10/30 | Train Loss: 0.440180 | Val Loss: 1.292397 | LR: 9.94e-04
  Epoch  11/30 | Train Loss: 0.434642 | Val Loss: 1.289633 | LR: 9.78e-04
  Epoch  12/30 | Train Loss: 0.430220 | Val Loss: 1.288302 | LR: 9.50e-04
  Epoch  13/30 | Train Loss: 0.425171 | Val Loss: 1.294590 | LR: 9.13e-04
  Epoch  14/30 | Train Loss: 0.421235 | Val Loss: 1.298034 | LR: 8.66e-04
  Epoch  15/30 | Train Loss: 0.417634 | Val Loss: 1.291445 | LR: 8.12e-04
  Epoch  16/30 | Train Loss: 0.415087 | Val Loss: 1.283256 | LR: 7.50e-04
  Epoch  17/30 | Train Loss: 0.410952 | Val Loss: 1.284231 | LR: 6.82e-04
  Epoch  18/30 | Train Loss: 0.407165 | Val Loss: 1.279664 | LR: 6.11e-04
  Epoch  19/30 | Train Loss: 0.404777 | Val Loss: 1.287691 | LR: 5.37e-04
  Epoch  20/30 | Train Loss: 0.401231 | Val Loss: 1.289106 | LR: 4.62e-04
  Epoch  21/30 | Train Loss: 0.398889 | Val Loss: 1.284155 | LR: 3.88e-04
  Epoch  22/30 | Train Loss: 0.396180 | Val Loss: 1.281118 | LR: 3.17e-04
  Epoch  23/30 | Train Loss: 0.395525 | Val Loss: 1.286644 | LR: 2.50e-04
  Epoch  24/30 | Train Loss: 0.393094 | Val Loss: 1.285649 | LR: 1.88e-04
  Epoch  25/30 | Train Loss: 0.392610 | Val Loss: 1.284035 | LR: 1.33e-04
  Early stopping at epoch 25
    w/o HSIC (Pearson corr)         MSE=0.455427  MAE=0.442285
  Epoch   1/30 | Train Loss: 0.600304 | Val Loss: 1.383312 | LR: 6.90e-05
  Epoch   2/30 | Train Loss: 0.516088 | Val Loss: 1.306940 | LR: 1.52e-04
  Epoch   3/30 | Train Loss: 0.494656 | Val Loss: 1.299023 | LR: 2.80e-04
  Epoch   4/30 | Train Loss: 0.484202 | Val Loss: 1.310691 | LR: 4.37e-04
  Epoch   5/30 | Train Loss: 0.474906 | Val Loss: 1.314570 | LR: 6.04e-04
  Epoch   6/30 | Train Loss: 0.467059 | Val Loss: 1.303845 | LR: 7.60e-04
  Epoch   7/30 | Train Loss: 0.459476 | Val Loss: 1.302969 | LR: 8.88e-04
  Epoch   8/30 | Train Loss: 0.453297 | Val Loss: 1.302770 | LR: 9.71e-04
  Epoch   9/30 | Train Loss: 0.448259 | Val Loss: 1.296157 | LR: 1.00e-03
  Epoch  10/30 | Train Loss: 0.443294 | Val Loss: 1.306796 | LR: 9.94e-04
  Epoch  11/30 | Train Loss: 0.439469 | Val Loss: 1.284967 | LR: 9.78e-04
  Epoch  12/30 | Train Loss: 0.431955 | Val Loss: 1.291148 | LR: 9.50e-04
  Epoch  13/30 | Train Loss: 0.428024 | Val Loss: 1.292147 | LR: 9.13e-04
  Epoch  14/30 | Train Loss: 0.422656 | Val Loss: 1.297452 | LR: 8.66e-04
  Epoch  15/30 | Train Loss: 0.420223 | Val Loss: 1.287300 | LR: 8.12e-04
  Epoch  16/30 | Train Loss: 0.415906 | Val Loss: 1.295529 | LR: 7.50e-04
  Epoch  17/30 | Train Loss: 0.412113 | Val Loss: 1.293304 | LR: 6.82e-04
  Epoch  18/30 | Train Loss: 0.407510 | Val Loss: 1.297715 | LR: 6.11e-04
  Early stopping at epoch 18
    Full CausalCIT (Ours)           MSE=0.468565  MAE=0.451210

  可视化已保存: ./output_seed42/ablation_etth1.png

  报告已保存: ./output_seed42/ablation_report.md

========================================================================
  消融实验完成！
========================================================================
  输出目录: /home/wangsh/workspace/Liu/03_experiments/CausalCIT/CausalCIT_ablation/output_seed42

  <<< Seed = 42 完成: 2026年 07月 20日 星期一 20:06:24 CST

==========================================
  >>> Seed = 123 开始: 2026年 07月 20日 星期一 20:06:24 CST
==========================================
========================================================================
  CausalCIT 消融实验 (Ablation Study)
========================================================================
  设备: cuda
  变体数: 5
    - patchtst: PatchTST (no interaction)
    - no_gate: w/o Gate (full attention)
    - no_env: w/o EnvSplit (global HSIC)
    - no_hsic: w/o HSIC (Pearson corr)
    - full: Full CausalCIT (Ours)

========================================================================
  消融实验: 合成数据 (d_model=64, 50 epochs)
========================================================================

--- PatchTST (no interaction) ---
  参数量: 225,646
  Epoch   1/50 | Train Loss: 0.508891 | Val Loss: 0.452864 | LR: 5.05e-05
  Epoch   2/50 | Train Loss: 0.425851 | Val Loss: 0.445036 | LR: 8.15e-05
  Epoch   3/50 | Train Loss: 0.419096 | Val Loss: 0.442397 | LR: 1.32e-04
  Epoch   4/50 | Train Loss: 0.415356 | Val Loss: 0.442189 | LR: 1.99e-04
  Epoch   5/50 | Train Loss: 0.412902 | Val Loss: 0.440605 | LR: 2.80e-04
  Epoch   6/50 | Train Loss: 0.409842 | Val Loss: 0.444024 | LR: 3.72e-04
  Epoch   7/50 | Train Loss: 0.405867 | Val Loss: 0.428514 | LR: 4.70e-04
  Epoch   8/50 | Train Loss: 0.396020 | Val Loss: 0.417473 | LR: 5.70e-04
  Epoch   9/50 | Train Loss: 0.390878 | Val Loss: 0.420501 | LR: 6.69e-04
  Epoch  10/50 | Train Loss: 0.388404 | Val Loss: 0.416570 | LR: 7.60e-04
  Epoch  11/50 | Train Loss: 0.386074 | Val Loss: 0.412301 | LR: 8.41e-04
  Epoch  12/50 | Train Loss: 0.384734 | Val Loss: 0.414128 | LR: 9.09e-04
  Epoch  13/50 | Train Loss: 0.383136 | Val Loss: 0.413360 | LR: 9.59e-04
  Epoch  14/50 | Train Loss: 0.381726 | Val Loss: 0.419528 | LR: 9.90e-04
  Epoch  15/50 | Train Loss: 0.379883 | Val Loss: 0.418599 | LR: 1.00e-03
  Epoch  16/50 | Train Loss: 0.379186 | Val Loss: 0.415907 | LR: 9.98e-04
  Epoch  17/50 | Train Loss: 0.376782 | Val Loss: 0.416806 | LR: 9.92e-04
  Epoch  18/50 | Train Loss: 0.373987 | Val Loss: 0.420010 | LR: 9.82e-04
  Epoch  19/50 | Train Loss: 0.372349 | Val Loss: 0.423205 | LR: 9.68e-04
  Epoch  20/50 | Train Loss: 0.369522 | Val Loss: 0.420893 | LR: 9.50e-04
  Epoch  21/50 | Train Loss: 0.368001 | Val Loss: 0.427665 | LR: 9.29e-04
  Early stopping at epoch 21
  MSE: 0.486046 | MAE: 0.529632 | Time: 25s

--- w/o Gate (full attention) ---
  参数量: 250,735
  Epoch   1/50 | Train Loss: 0.481875 | Val Loss: 0.450843 | LR: 5.05e-05
  Epoch   2/50 | Train Loss: 0.414049 | Val Loss: 0.444147 | LR: 8.15e-05
  Epoch   3/50 | Train Loss: 0.409553 | Val Loss: 0.441334 | LR: 1.32e-04
  Epoch   4/50 | Train Loss: 0.407313 | Val Loss: 0.438769 | LR: 1.99e-04
  Epoch   5/50 | Train Loss: 0.404565 | Val Loss: 0.436654 | LR: 2.80e-04
  Epoch   6/50 | Train Loss: 0.400903 | Val Loss: 0.433674 | LR: 3.72e-04
  Epoch   7/50 | Train Loss: 0.398108 | Val Loss: 0.432414 | LR: 4.70e-04
  Epoch   8/50 | Train Loss: 0.393435 | Val Loss: 0.427911 | LR: 5.70e-04
  Epoch   9/50 | Train Loss: 0.387181 | Val Loss: 0.418664 | LR: 6.69e-04
  Epoch  10/50 | Train Loss: 0.381442 | Val Loss: 0.423734 | LR: 7.60e-04
  Epoch  11/50 | Train Loss: 0.376446 | Val Loss: 0.423567 | LR: 8.41e-04
  Epoch  12/50 | Train Loss: 0.370812 | Val Loss: 0.430889 | LR: 9.09e-04
  Epoch  13/50 | Train Loss: 0.366913 | Val Loss: 0.432033 | LR: 9.59e-04
  Epoch  14/50 | Train Loss: 0.361318 | Val Loss: 0.427420 | LR: 9.90e-04
  Epoch  15/50 | Train Loss: 0.357209 | Val Loss: 0.437382 | LR: 1.00e-03
  Epoch  16/50 | Train Loss: 0.351158 | Val Loss: 0.435479 | LR: 9.98e-04
  Epoch  17/50 | Train Loss: 0.347192 | Val Loss: 0.447271 | LR: 9.92e-04
  Epoch  18/50 | Train Loss: 0.342208 | Val Loss: 0.447572 | LR: 9.82e-04
  Epoch  19/50 | Train Loss: 0.337471 | Val Loss: 0.447005 | LR: 9.68e-04
  Early stopping at epoch 19
  MSE: 0.490300 | MAE: 0.531767 | Time: 28s

--- w/o EnvSplit (global HSIC) ---
  参数量: 250,833
  Epoch   1/50 | Train Loss: 0.481800 | Val Loss: 0.450570 | LR: 5.05e-05
  Epoch   2/50 | Train Loss: 0.413849 | Val Loss: 0.443502 | LR: 8.15e-05
  Epoch   3/50 | Train Loss: 0.409486 | Val Loss: 0.441459 | LR: 1.32e-04
  Epoch   4/50 | Train Loss: 0.407201 | Val Loss: 0.439244 | LR: 1.99e-04
  Epoch   5/50 | Train Loss: 0.404572 | Val Loss: 0.437471 | LR: 2.80e-04
  Epoch   6/50 | Train Loss: 0.401673 | Val Loss: 0.434270 | LR: 3.72e-04
  Epoch   7/50 | Train Loss: 0.398485 | Val Loss: 0.428657 | LR: 4.70e-04
  Epoch   8/50 | Train Loss: 0.393014 | Val Loss: 0.421517 | LR: 5.70e-04
  Epoch   9/50 | Train Loss: 0.385674 | Val Loss: 0.423386 | LR: 6.69e-04
  Epoch  10/50 | Train Loss: 0.378654 | Val Loss: 0.412631 | LR: 7.60e-04
  Epoch  11/50 | Train Loss: 0.372787 | Val Loss: 0.413916 | LR: 8.41e-04
  Epoch  12/50 | Train Loss: 0.367588 | Val Loss: 0.416738 | LR: 9.09e-04
  Epoch  13/50 | Train Loss: 0.363773 | Val Loss: 0.426592 | LR: 9.59e-04
  Epoch  14/50 | Train Loss: 0.360540 | Val Loss: 0.421057 | LR: 9.90e-04
  Epoch  15/50 | Train Loss: 0.356113 | Val Loss: 0.419794 | LR: 1.00e-03
  Epoch  16/50 | Train Loss: 0.351523 | Val Loss: 0.429790 | LR: 9.98e-04
  Epoch  17/50 | Train Loss: 0.346353 | Val Loss: 0.429840 | LR: 9.92e-04
  Epoch  18/50 | Train Loss: 0.342457 | Val Loss: 0.433125 | LR: 9.82e-04
  Epoch  19/50 | Train Loss: 0.337863 | Val Loss: 0.432547 | LR: 9.68e-04
  Epoch  20/50 | Train Loss: 0.334502 | Val Loss: 0.434576 | LR: 9.50e-04
  Early stopping at epoch 20
  MSE: 0.484320 | MAE: 0.527984 | Time: 35s

--- w/o HSIC (Pearson corr) ---
  参数量: 250,834
  Epoch   1/50 | Train Loss: 0.476287 | Val Loss: 0.450079 | LR: 5.05e-05
  Epoch   2/50 | Train Loss: 0.413889 | Val Loss: 0.442821 | LR: 8.15e-05
  Epoch   3/50 | Train Loss: 0.409152 | Val Loss: 0.440432 | LR: 1.32e-04
  Epoch   4/50 | Train Loss: 0.406868 | Val Loss: 0.437212 | LR: 1.99e-04
  Epoch   5/50 | Train Loss: 0.403859 | Val Loss: 0.434008 | LR: 2.80e-04
  Epoch   6/50 | Train Loss: 0.400835 | Val Loss: 0.435371 | LR: 3.72e-04
  Epoch   7/50 | Train Loss: 0.395635 | Val Loss: 0.431308 | LR: 4.70e-04
  Epoch   8/50 | Train Loss: 0.390019 | Val Loss: 0.437194 | LR: 5.70e-04
  Epoch   9/50 | Train Loss: 0.385850 | Val Loss: 0.416589 | LR: 6.69e-04
  Epoch  10/50 | Train Loss: 0.381416 | Val Loss: 0.417791 | LR: 7.60e-04
  Epoch  11/50 | Train Loss: 0.377355 | Val Loss: 0.431329 | LR: 8.41e-04
  Epoch  12/50 | Train Loss: 0.373258 | Val Loss: 0.423620 | LR: 9.09e-04
  Epoch  13/50 | Train Loss: 0.370040 | Val Loss: 0.424539 | LR: 9.59e-04
  Epoch  14/50 | Train Loss: 0.366409 | Val Loss: 0.430002 | LR: 9.90e-04
  Epoch  15/50 | Train Loss: 0.363553 | Val Loss: 0.430915 | LR: 1.00e-03
  Epoch  16/50 | Train Loss: 0.357702 | Val Loss: 0.429625 | LR: 9.98e-04
  Epoch  17/50 | Train Loss: 0.352511 | Val Loss: 0.429836 | LR: 9.92e-04
  Epoch  18/50 | Train Loss: 0.348242 | Val Loss: 0.442737 | LR: 9.82e-04
  Epoch  19/50 | Train Loss: 0.343868 | Val Loss: 0.439435 | LR: 9.68e-04
  Early stopping at epoch 19
  MSE: 0.489426 | MAE: 0.530204 | Time: 37s

--- Full CausalCIT (Ours) ---
  参数量: 250,835
  Epoch   1/50 | Train Loss: 0.481801 | Val Loss: 0.450570 | LR: 5.05e-05
  Epoch   2/50 | Train Loss: 0.413849 | Val Loss: 0.443502 | LR: 8.15e-05
  Epoch   3/50 | Train Loss: 0.409486 | Val Loss: 0.441459 | LR: 1.32e-04
  Epoch   4/50 | Train Loss: 0.407201 | Val Loss: 0.439244 | LR: 1.99e-04
  Epoch   5/50 | Train Loss: 0.404572 | Val Loss: 0.437471 | LR: 2.80e-04
  Epoch   6/50 | Train Loss: 0.401672 | Val Loss: 0.434275 | LR: 3.72e-04
  Epoch   7/50 | Train Loss: 0.398480 | Val Loss: 0.428597 | LR: 4.70e-04
  Epoch   8/50 | Train Loss: 0.393002 | Val Loss: 0.421469 | LR: 5.70e-04
  Epoch   9/50 | Train Loss: 0.385727 | Val Loss: 0.422705 | LR: 6.69e-04
  Epoch  10/50 | Train Loss: 0.378735 | Val Loss: 0.412662 | LR: 7.60e-04
  Epoch  11/50 | Train Loss: 0.372777 | Val Loss: 0.414103 | LR: 8.41e-04
  Epoch  12/50 | Train Loss: 0.367648 | Val Loss: 0.418377 | LR: 9.09e-04
  Epoch  13/50 | Train Loss: 0.363754 | Val Loss: 0.424983 | LR: 9.59e-04
  Epoch  14/50 | Train Loss: 0.360354 | Val Loss: 0.422944 | LR: 9.90e-04
  Epoch  15/50 | Train Loss: 0.356250 | Val Loss: 0.418887 | LR: 1.00e-03
  Epoch  16/50 | Train Loss: 0.351622 | Val Loss: 0.430800 | LR: 9.98e-04
  Epoch  17/50 | Train Loss: 0.346606 | Val Loss: 0.432534 | LR: 9.92e-04
  Epoch  18/50 | Train Loss: 0.342545 | Val Loss: 0.432486 | LR: 9.82e-04
  Epoch  19/50 | Train Loss: 0.338077 | Val Loss: 0.434155 | LR: 9.68e-04
  Epoch  20/50 | Train Loss: 0.334354 | Val Loss: 0.434991 | LR: 9.50e-04
  Early stopping at epoch 20
  MSE: 0.483718 | MAE: 0.527542 | Time: 37s

  可视化已保存: ./output_seed123/ablation_synthetic.png

========================================================================
  消融实验: ETTh1 真实数据
========================================================================

  ▶ pred_len = 96
  Epoch   1/30 | Train Loss: 0.531483 | Val Loss: 0.770091 | LR: 6.90e-05
  Epoch   2/30 | Train Loss: 0.409234 | Val Loss: 0.706103 | LR: 1.52e-04
  Epoch   3/30 | Train Loss: 0.381668 | Val Loss: 0.704171 | LR: 2.80e-04
  Epoch   4/30 | Train Loss: 0.371884 | Val Loss: 0.694864 | LR: 4.37e-04
  Epoch   5/30 | Train Loss: 0.364892 | Val Loss: 0.698862 | LR: 6.04e-04
  Epoch   6/30 | Train Loss: 0.359741 | Val Loss: 0.692808 | LR: 7.60e-04
  Epoch   7/30 | Train Loss: 0.354874 | Val Loss: 0.673821 | LR: 8.88e-04
  Epoch   8/30 | Train Loss: 0.351351 | Val Loss: 0.693096 | LR: 9.71e-04
  Epoch   9/30 | Train Loss: 0.348603 | Val Loss: 0.695862 | LR: 1.00e-03
  Epoch  10/30 | Train Loss: 0.346091 | Val Loss: 0.710827 | LR: 9.94e-04
  Epoch  11/30 | Train Loss: 0.343393 | Val Loss: 0.708035 | LR: 9.78e-04
  Epoch  12/30 | Train Loss: 0.341248 | Val Loss: 0.700415 | LR: 9.50e-04
  Epoch  13/30 | Train Loss: 0.339387 | Val Loss: 0.698156 | LR: 9.13e-04
  Epoch  14/30 | Train Loss: 0.337796 | Val Loss: 0.714157 | LR: 8.66e-04
  Early stopping at epoch 14
    PatchTST (no interaction)       MSE=0.383469  MAE=0.400946
  Epoch   1/30 | Train Loss: 0.489583 | Val Loss: 0.810654 | LR: 6.90e-05
  Epoch   2/30 | Train Loss: 0.392903 | Val Loss: 0.712503 | LR: 1.52e-04
  Epoch   3/30 | Train Loss: 0.370698 | Val Loss: 0.699852 | LR: 2.80e-04
  Epoch   4/30 | Train Loss: 0.363865 | Val Loss: 0.688479 | LR: 4.37e-04
  Epoch   5/30 | Train Loss: 0.357304 | Val Loss: 0.686440 | LR: 6.04e-04
  Epoch   6/30 | Train Loss: 0.350482 | Val Loss: 0.688681 | LR: 7.60e-04
  Epoch   7/30 | Train Loss: 0.345217 | Val Loss: 0.686608 | LR: 8.88e-04
  Epoch   8/30 | Train Loss: 0.341299 | Val Loss: 0.692727 | LR: 9.71e-04
  Epoch   9/30 | Train Loss: 0.339163 | Val Loss: 0.699891 | LR: 1.00e-03
  Epoch  10/30 | Train Loss: 0.335302 | Val Loss: 0.711023 | LR: 9.94e-04
  Epoch  11/30 | Train Loss: 0.331874 | Val Loss: 0.709077 | LR: 9.78e-04
  Epoch  12/30 | Train Loss: 0.328085 | Val Loss: 0.710291 | LR: 9.50e-04
  Early stopping at epoch 12
    w/o Gate (full attention)       MSE=0.379574  MAE=0.396113
  Epoch   1/30 | Train Loss: 0.486810 | Val Loss: 0.810034 | LR: 6.90e-05
  Epoch   2/30 | Train Loss: 0.391465 | Val Loss: 0.710904 | LR: 1.52e-04
  Epoch   3/30 | Train Loss: 0.370585 | Val Loss: 0.701333 | LR: 2.80e-04
  Epoch   4/30 | Train Loss: 0.364258 | Val Loss: 0.702564 | LR: 4.37e-04
  Epoch   5/30 | Train Loss: 0.357744 | Val Loss: 0.690868 | LR: 6.04e-04
  Epoch   6/30 | Train Loss: 0.351122 | Val Loss: 0.701103 | LR: 7.60e-04
  Epoch   7/30 | Train Loss: 0.346246 | Val Loss: 0.705349 | LR: 8.88e-04
  Epoch   8/30 | Train Loss: 0.342148 | Val Loss: 0.703121 | LR: 9.71e-04
  Epoch   9/30 | Train Loss: 0.338729 | Val Loss: 0.689980 | LR: 1.00e-03
  Epoch  10/30 | Train Loss: 0.335514 | Val Loss: 0.702844 | LR: 9.94e-04
  Epoch  11/30 | Train Loss: 0.332685 | Val Loss: 0.723280 | LR: 9.78e-04
  Epoch  12/30 | Train Loss: 0.329687 | Val Loss: 0.702711 | LR: 9.50e-04
  Epoch  13/30 | Train Loss: 0.327155 | Val Loss: 0.700682 | LR: 9.13e-04
  Epoch  14/30 | Train Loss: 0.325263 | Val Loss: 0.700997 | LR: 8.66e-04
  Epoch  15/30 | Train Loss: 0.322764 | Val Loss: 0.699352 | LR: 8.12e-04
  Epoch  16/30 | Train Loss: 0.319742 | Val Loss: 0.714545 | LR: 7.50e-04
  Early stopping at epoch 16
    w/o EnvSplit (global HSIC)      MSE=0.382619  MAE=0.401084
  Epoch   1/30 | Train Loss: 0.493255 | Val Loss: 0.818627 | LR: 6.90e-05
  Epoch   2/30 | Train Loss: 0.392710 | Val Loss: 0.709821 | LR: 1.52e-04
  Epoch   3/30 | Train Loss: 0.370705 | Val Loss: 0.696771 | LR: 2.80e-04
  Epoch   4/30 | Train Loss: 0.363638 | Val Loss: 0.697238 | LR: 4.37e-04
  Epoch   5/30 | Train Loss: 0.357991 | Val Loss: 0.694276 | LR: 6.04e-04
  Epoch   6/30 | Train Loss: 0.351560 | Val Loss: 0.696058 | LR: 7.60e-04
  Epoch   7/30 | Train Loss: 0.345564 | Val Loss: 0.694000 | LR: 8.88e-04
  Epoch   8/30 | Train Loss: 0.341338 | Val Loss: 0.714175 | LR: 9.71e-04
  Epoch   9/30 | Train Loss: 0.337601 | Val Loss: 0.720053 | LR: 1.00e-03
  Epoch  10/30 | Train Loss: 0.334929 | Val Loss: 0.716152 | LR: 9.94e-04
  Epoch  11/30 | Train Loss: 0.331354 | Val Loss: 0.701837 | LR: 9.78e-04
  Epoch  12/30 | Train Loss: 0.328747 | Val Loss: 0.700850 | LR: 9.50e-04
  Epoch  13/30 | Train Loss: 0.326847 | Val Loss: 0.724588 | LR: 9.13e-04
  Epoch  14/30 | Train Loss: 0.323554 | Val Loss: 0.727629 | LR: 8.66e-04
  Early stopping at epoch 14
    w/o HSIC (Pearson corr)         MSE=0.381174  MAE=0.398133
  Epoch   1/30 | Train Loss: 0.486808 | Val Loss: 0.810028 | LR: 6.90e-05
  Epoch   2/30 | Train Loss: 0.391464 | Val Loss: 0.710902 | LR: 1.52e-04
  Epoch   3/30 | Train Loss: 0.370586 | Val Loss: 0.701339 | LR: 2.80e-04
  Epoch   4/30 | Train Loss: 0.364261 | Val Loss: 0.702579 | LR: 4.37e-04
  Epoch   5/30 | Train Loss: 0.357765 | Val Loss: 0.690815 | LR: 6.04e-04
  Epoch   6/30 | Train Loss: 0.351135 | Val Loss: 0.701255 | LR: 7.60e-04
  Epoch   7/30 | Train Loss: 0.346247 | Val Loss: 0.705540 | LR: 8.88e-04
  Epoch   8/30 | Train Loss: 0.342132 | Val Loss: 0.703048 | LR: 9.71e-04
  Epoch   9/30 | Train Loss: 0.338713 | Val Loss: 0.690336 | LR: 1.00e-03
  Epoch  10/30 | Train Loss: 0.335567 | Val Loss: 0.703000 | LR: 9.94e-04
  Epoch  11/30 | Train Loss: 0.332672 | Val Loss: 0.724007 | LR: 9.78e-04
  Epoch  12/30 | Train Loss: 0.329666 | Val Loss: 0.703114 | LR: 9.50e-04
  Epoch  13/30 | Train Loss: 0.327252 | Val Loss: 0.701729 | LR: 9.13e-04
  Epoch  14/30 | Train Loss: 0.325109 | Val Loss: 0.702187 | LR: 8.66e-04
  Epoch  15/30 | Train Loss: 0.322761 | Val Loss: 0.699383 | LR: 8.12e-04
  Epoch  16/30 | Train Loss: 0.319945 | Val Loss: 0.713962 | LR: 7.50e-04
  Early stopping at epoch 16
    Full CausalCIT (Ours)           MSE=0.382809  MAE=0.401235

  ▶ pred_len = 336
  Epoch   1/30 | Train Loss: 0.645584 | Val Loss: 1.353923 | LR: 6.90e-05
  Epoch   2/30 | Train Loss: 0.530749 | Val Loss: 1.300026 | LR: 1.52e-04
  Epoch   3/30 | Train Loss: 0.505678 | Val Loss: 1.294134 | LR: 2.80e-04
  Epoch   4/30 | Train Loss: 0.497233 | Val Loss: 1.297418 | LR: 4.37e-04
  Epoch   5/30 | Train Loss: 0.489856 | Val Loss: 1.304813 | LR: 6.04e-04
  Epoch   6/30 | Train Loss: 0.480425 | Val Loss: 1.321495 | LR: 7.60e-04
  Epoch   7/30 | Train Loss: 0.472635 | Val Loss: 1.328278 | LR: 8.88e-04
  Epoch   8/30 | Train Loss: 0.466810 | Val Loss: 1.326465 | LR: 9.71e-04
  Epoch   9/30 | Train Loss: 0.461162 | Val Loss: 1.313866 | LR: 1.00e-03
  Epoch  10/30 | Train Loss: 0.456981 | Val Loss: 1.337564 | LR: 9.94e-04
  Early stopping at epoch 10
    PatchTST (no interaction)       MSE=0.478728  MAE=0.448615
  Epoch   1/30 | Train Loss: 0.601353 | Val Loss: 1.382860 | LR: 6.90e-05
  Epoch   2/30 | Train Loss: 0.515063 | Val Loss: 1.307268 | LR: 1.52e-04
  Epoch   3/30 | Train Loss: 0.494349 | Val Loss: 1.297234 | LR: 2.80e-04
  Epoch   4/30 | Train Loss: 0.484338 | Val Loss: 1.298509 | LR: 4.37e-04
  Epoch   5/30 | Train Loss: 0.475631 | Val Loss: 1.311597 | LR: 6.04e-04
  Epoch   6/30 | Train Loss: 0.467483 | Val Loss: 1.310839 | LR: 7.60e-04
  Epoch   7/30 | Train Loss: 0.460471 | Val Loss: 1.319695 | LR: 8.88e-04
  Epoch   8/30 | Train Loss: 0.453485 | Val Loss: 1.302730 | LR: 9.71e-04
  Epoch   9/30 | Train Loss: 0.447777 | Val Loss: 1.299624 | LR: 1.00e-03
  Epoch  10/30 | Train Loss: 0.441066 | Val Loss: 1.284539 | LR: 9.94e-04
  Epoch  11/30 | Train Loss: 0.435516 | Val Loss: 1.308250 | LR: 9.78e-04
  Epoch  12/30 | Train Loss: 0.430963 | Val Loss: 1.293484 | LR: 9.50e-04
  Epoch  13/30 | Train Loss: 0.426070 | Val Loss: 1.297895 | LR: 9.13e-04
  Epoch  14/30 | Train Loss: 0.423048 | Val Loss: 1.300511 | LR: 8.66e-04
  Epoch  15/30 | Train Loss: 0.418519 | Val Loss: 1.307103 | LR: 8.12e-04
  Epoch  16/30 | Train Loss: 0.414655 | Val Loss: 1.311063 | LR: 7.50e-04
  Epoch  17/30 | Train Loss: 0.410484 | Val Loss: 1.313656 | LR: 6.82e-04
  Early stopping at epoch 17
    w/o Gate (full attention)       MSE=0.470339  MAE=0.453351
  Epoch   1/30 | Train Loss: 0.598841 | Val Loss: 1.380765 | LR: 6.90e-05
  Epoch   2/30 | Train Loss: 0.514205 | Val Loss: 1.303328 | LR: 1.52e-04
  Epoch   3/30 | Train Loss: 0.493501 | Val Loss: 1.293429 | LR: 2.80e-04
  Epoch   4/30 | Train Loss: 0.482749 | Val Loss: 1.312375 | LR: 4.37e-04
  Epoch   5/30 | Train Loss: 0.474570 | Val Loss: 1.327131 | LR: 6.04e-04
  Epoch   6/30 | Train Loss: 0.466860 | Val Loss: 1.319503 | LR: 7.60e-04
  Epoch   7/30 | Train Loss: 0.459332 | Val Loss: 1.304453 | LR: 8.88e-04
  Epoch   8/30 | Train Loss: 0.451313 | Val Loss: 1.317963 | LR: 9.71e-04
  Epoch   9/30 | Train Loss: 0.446747 | Val Loss: 1.312426 | LR: 1.00e-03
  Epoch  10/30 | Train Loss: 0.441373 | Val Loss: 1.307274 | LR: 9.94e-04
  Early stopping at epoch 10
    w/o EnvSplit (global HSIC)      MSE=0.484884  MAE=0.454705
  Epoch   1/30 | Train Loss: 0.601353 | Val Loss: 1.381862 | LR: 6.90e-05
  Epoch   2/30 | Train Loss: 0.514306 | Val Loss: 1.305768 | LR: 1.52e-04
  Epoch   3/30 | Train Loss: 0.494565 | Val Loss: 1.298014 | LR: 2.80e-04
  Epoch   4/30 | Train Loss: 0.483704 | Val Loss: 1.309437 | LR: 4.37e-04
  Epoch   5/30 | Train Loss: 0.474810 | Val Loss: 1.322242 | LR: 6.04e-04
  Epoch   6/30 | Train Loss: 0.466017 | Val Loss: 1.334626 | LR: 7.60e-04
  Epoch   7/30 | Train Loss: 0.458169 | Val Loss: 1.331727 | LR: 8.88e-04
  Epoch   8/30 | Train Loss: 0.451762 | Val Loss: 1.319763 | LR: 9.71e-04
  Epoch   9/30 | Train Loss: 0.446494 | Val Loss: 1.321168 | LR: 1.00e-03
  Epoch  10/30 | Train Loss: 0.442135 | Val Loss: 1.341181 | LR: 9.94e-04
  Early stopping at epoch 10
    w/o HSIC (Pearson corr)         MSE=0.487181  MAE=0.453570
  Epoch   1/30 | Train Loss: 0.598841 | Val Loss: 1.380762 | LR: 6.90e-05
  Epoch   2/30 | Train Loss: 0.514205 | Val Loss: 1.303324 | LR: 1.52e-04
  Epoch   3/30 | Train Loss: 0.493504 | Val Loss: 1.293407 | LR: 2.80e-04
  Epoch   4/30 | Train Loss: 0.482769 | Val Loss: 1.312286 | LR: 4.37e-04
  Epoch   5/30 | Train Loss: 0.474590 | Val Loss: 1.327205 | LR: 6.04e-04
  Epoch   6/30 | Train Loss: 0.466864 | Val Loss: 1.319612 | LR: 7.60e-04
  Epoch   7/30 | Train Loss: 0.459344 | Val Loss: 1.305112 | LR: 8.88e-04
  Epoch   8/30 | Train Loss: 0.451309 | Val Loss: 1.318359 | LR: 9.71e-04
  Epoch   9/30 | Train Loss: 0.446746 | Val Loss: 1.312629 | LR: 1.00e-03
  Epoch  10/30 | Train Loss: 0.441396 | Val Loss: 1.307488 | LR: 9.94e-04
  Early stopping at epoch 10
    Full CausalCIT (Ours)           MSE=0.484923  MAE=0.454719

  可视化已保存: ./output_seed123/ablation_etth1.png

  报告已保存: ./output_seed123/ablation_report.md

========================================================================
  消融实验完成！
========================================================================
  输出目录: /home/wangsh/workspace/Liu/03_experiments/CausalCIT/CausalCIT_ablation/output_seed123

  <<< Seed = 123 完成: 2026年 07月 20日 星期一 20:13:12 CST

==========================================
  >>> Seed = 2024 开始: 2026年 07月 20日 星期一 20:13:12 CST
==========================================
========================================================================
  CausalCIT 消融实验 (Ablation Study)
========================================================================
  设备: cuda
  变体数: 5
    - patchtst: PatchTST (no interaction)
    - no_gate: w/o Gate (full attention)
    - no_env: w/o EnvSplit (global HSIC)
    - no_hsic: w/o HSIC (Pearson corr)
    - full: Full CausalCIT (Ours)

========================================================================
  消融实验: 合成数据 (d_model=64, 50 epochs)
========================================================================

--- PatchTST (no interaction) ---
  参数量: 225,646
  Epoch   1/50 | Train Loss: 0.521797 | Val Loss: 0.454953 | LR: 5.05e-05
  Epoch   2/50 | Train Loss: 0.425792 | Val Loss: 0.445047 | LR: 8.15e-05
  Epoch   3/50 | Train Loss: 0.418323 | Val Loss: 0.442684 | LR: 1.32e-04
  Epoch   4/50 | Train Loss: 0.415260 | Val Loss: 0.440632 | LR: 1.99e-04
  Epoch   5/50 | Train Loss: 0.411588 | Val Loss: 0.438290 | LR: 2.80e-04
  Epoch   6/50 | Train Loss: 0.408566 | Val Loss: 0.439142 | LR: 3.72e-04
  Epoch   7/50 | Train Loss: 0.402838 | Val Loss: 0.439074 | LR: 4.70e-04
  Epoch   8/50 | Train Loss: 0.395166 | Val Loss: 0.414428 | LR: 5.70e-04
  Epoch   9/50 | Train Loss: 0.390864 | Val Loss: 0.415995 | LR: 6.69e-04
  Epoch  10/50 | Train Loss: 0.388571 | Val Loss: 0.416173 | LR: 7.60e-04
  Epoch  11/50 | Train Loss: 0.386012 | Val Loss: 0.413369 | LR: 8.41e-04
  Epoch  12/50 | Train Loss: 0.384668 | Val Loss: 0.416307 | LR: 9.09e-04
  Epoch  13/50 | Train Loss: 0.382562 | Val Loss: 0.415348 | LR: 9.59e-04
  Epoch  14/50 | Train Loss: 0.381221 | Val Loss: 0.417359 | LR: 9.90e-04
  Epoch  15/50 | Train Loss: 0.379081 | Val Loss: 0.413115 | LR: 1.00e-03
  Epoch  16/50 | Train Loss: 0.376542 | Val Loss: 0.419620 | LR: 9.98e-04
  Epoch  17/50 | Train Loss: 0.374634 | Val Loss: 0.422159 | LR: 9.92e-04
  Epoch  18/50 | Train Loss: 0.371888 | Val Loss: 0.417734 | LR: 9.82e-04
  Epoch  19/50 | Train Loss: 0.369310 | Val Loss: 0.421344 | LR: 9.68e-04
  Epoch  20/50 | Train Loss: 0.366440 | Val Loss: 0.421576 | LR: 9.50e-04
  Epoch  21/50 | Train Loss: 0.363530 | Val Loss: 0.426858 | LR: 9.29e-04
  Epoch  22/50 | Train Loss: 0.360891 | Val Loss: 0.427071 | LR: 9.04e-04
  Epoch  23/50 | Train Loss: 0.357406 | Val Loss: 0.426587 | LR: 8.76e-04
  Epoch  24/50 | Train Loss: 0.354058 | Val Loss: 0.431457 | LR: 8.45e-04
  Epoch  25/50 | Train Loss: 0.350417 | Val Loss: 0.432117 | LR: 8.12e-04
  Early stopping at epoch 25
  MSE: 0.487155 | MAE: 0.528755 | Time: 30s

--- w/o Gate (full attention) ---
  参数量: 250,735
  Epoch   1/50 | Train Loss: 0.487764 | Val Loss: 0.451840 | LR: 5.05e-05
  Epoch   2/50 | Train Loss: 0.413683 | Val Loss: 0.442928 | LR: 8.15e-05
  Epoch   3/50 | Train Loss: 0.408953 | Val Loss: 0.440828 | LR: 1.32e-04
  Epoch   4/50 | Train Loss: 0.406850 | Val Loss: 0.441161 | LR: 1.99e-04
  Epoch   5/50 | Train Loss: 0.404490 | Val Loss: 0.434463 | LR: 2.80e-04
  Epoch   6/50 | Train Loss: 0.401135 | Val Loss: 0.429086 | LR: 3.72e-04
  Epoch   7/50 | Train Loss: 0.395518 | Val Loss: 0.421780 | LR: 4.70e-04
  Epoch   8/50 | Train Loss: 0.389730 | Val Loss: 0.419882 | LR: 5.70e-04
  Epoch   9/50 | Train Loss: 0.386248 | Val Loss: 0.420374 | LR: 6.69e-04
  Epoch  10/50 | Train Loss: 0.381779 | Val Loss: 0.425510 | LR: 7.60e-04
  Epoch  11/50 | Train Loss: 0.376881 | Val Loss: 0.421651 | LR: 8.41e-04
  Epoch  12/50 | Train Loss: 0.372081 | Val Loss: 0.432040 | LR: 9.09e-04
  Epoch  13/50 | Train Loss: 0.367887 | Val Loss: 0.426157 | LR: 9.59e-04
  Epoch  14/50 | Train Loss: 0.363321 | Val Loss: 0.445815 | LR: 9.90e-04
  Epoch  15/50 | Train Loss: 0.358275 | Val Loss: 0.432517 | LR: 1.00e-03
  Epoch  16/50 | Train Loss: 0.352633 | Val Loss: 0.432469 | LR: 9.98e-04
  Epoch  17/50 | Train Loss: 0.346514 | Val Loss: 0.446072 | LR: 9.92e-04
  Epoch  18/50 | Train Loss: 0.342129 | Val Loss: 0.448556 | LR: 9.82e-04
  Early stopping at epoch 18
  MSE: 0.493962 | MAE: 0.533332 | Time: 27s

--- w/o EnvSplit (global HSIC) ---
  参数量: 250,833
  Epoch   1/50 | Train Loss: 0.478985 | Val Loss: 0.449475 | LR: 5.05e-05
  Epoch   2/50 | Train Loss: 0.412725 | Val Loss: 0.442579 | LR: 8.15e-05
  Epoch   3/50 | Train Loss: 0.408080 | Val Loss: 0.440643 | LR: 1.32e-04
  Epoch   4/50 | Train Loss: 0.404773 | Val Loss: 0.436026 | LR: 1.99e-04
  Epoch   5/50 | Train Loss: 0.401859 | Val Loss: 0.430040 | LR: 2.80e-04
  Epoch   6/50 | Train Loss: 0.395856 | Val Loss: 0.437037 | LR: 3.72e-04
  Epoch   7/50 | Train Loss: 0.390439 | Val Loss: 0.416655 | LR: 4.70e-04
  Epoch   8/50 | Train Loss: 0.387072 | Val Loss: 0.418589 | LR: 5.70e-04
  Epoch   9/50 | Train Loss: 0.383473 | Val Loss: 0.418349 | LR: 6.69e-04
  Epoch  10/50 | Train Loss: 0.379918 | Val Loss: 0.430875 | LR: 7.60e-04
  Epoch  11/50 | Train Loss: 0.376286 | Val Loss: 0.421719 | LR: 8.41e-04
  Epoch  12/50 | Train Loss: 0.372115 | Val Loss: 0.430999 | LR: 9.09e-04
  Epoch  13/50 | Train Loss: 0.368039 | Val Loss: 0.429673 | LR: 9.59e-04
  Epoch  14/50 | Train Loss: 0.362451 | Val Loss: 0.432626 | LR: 9.90e-04
  Epoch  15/50 | Train Loss: 0.359683 | Val Loss: 0.430337 | LR: 1.00e-03
  Epoch  16/50 | Train Loss: 0.354199 | Val Loss: 0.440333 | LR: 9.98e-04
  Epoch  17/50 | Train Loss: 0.349657 | Val Loss: 0.441657 | LR: 9.92e-04
  Early stopping at epoch 17
  MSE: 0.486182 | MAE: 0.527477 | Time: 29s

--- w/o HSIC (Pearson corr) ---
  参数量: 250,834
  Epoch   1/50 | Train Loss: 0.488396 | Val Loss: 0.450804 | LR: 5.05e-05
  Epoch   2/50 | Train Loss: 0.413957 | Val Loss: 0.442934 | LR: 8.15e-05
  Epoch   3/50 | Train Loss: 0.408739 | Val Loss: 0.439489 | LR: 1.32e-04
  Epoch   4/50 | Train Loss: 0.405431 | Val Loss: 0.437908 | LR: 1.99e-04
  Epoch   5/50 | Train Loss: 0.402609 | Val Loss: 0.434194 | LR: 2.80e-04
  Epoch   6/50 | Train Loss: 0.399062 | Val Loss: 0.426239 | LR: 3.72e-04
  Epoch   7/50 | Train Loss: 0.392329 | Val Loss: 0.420538 | LR: 4.70e-04
  Epoch   8/50 | Train Loss: 0.387795 | Val Loss: 0.419314 | LR: 5.70e-04
  Epoch   9/50 | Train Loss: 0.383870 | Val Loss: 0.417842 | LR: 6.69e-04
  Epoch  10/50 | Train Loss: 0.380838 | Val Loss: 0.418803 | LR: 7.60e-04
  Epoch  11/50 | Train Loss: 0.377386 | Val Loss: 0.421247 | LR: 8.41e-04
  Epoch  12/50 | Train Loss: 0.373464 | Val Loss: 0.429279 | LR: 9.09e-04
  Epoch  13/50 | Train Loss: 0.370105 | Val Loss: 0.423811 | LR: 9.59e-04
  Epoch  14/50 | Train Loss: 0.366422 | Val Loss: 0.428073 | LR: 9.90e-04
  Epoch  15/50 | Train Loss: 0.362635 | Val Loss: 0.434578 | LR: 1.00e-03
  Epoch  16/50 | Train Loss: 0.357984 | Val Loss: 0.439493 | LR: 9.98e-04
  Epoch  17/50 | Train Loss: 0.354155 | Val Loss: 0.446984 | LR: 9.92e-04
  Epoch  18/50 | Train Loss: 0.349599 | Val Loss: 0.442456 | LR: 9.82e-04
  Epoch  19/50 | Train Loss: 0.344226 | Val Loss: 0.445303 | LR: 9.68e-04
  Early stopping at epoch 19
  MSE: 0.487717 | MAE: 0.529404 | Time: 37s

--- Full CausalCIT (Ours) ---
  参数量: 250,835
  Epoch   1/50 | Train Loss: 0.478985 | Val Loss: 0.449475 | LR: 5.05e-05
  Epoch   2/50 | Train Loss: 0.412725 | Val Loss: 0.442579 | LR: 8.15e-05
  Epoch   3/50 | Train Loss: 0.408080 | Val Loss: 0.440643 | LR: 1.32e-04
  Epoch   4/50 | Train Loss: 0.404773 | Val Loss: 0.436026 | LR: 1.99e-04
  Epoch   5/50 | Train Loss: 0.401859 | Val Loss: 0.430040 | LR: 2.80e-04
  Epoch   6/50 | Train Loss: 0.395856 | Val Loss: 0.437034 | LR: 3.72e-04
  Epoch   7/50 | Train Loss: 0.390438 | Val Loss: 0.416668 | LR: 4.70e-04
  Epoch   8/50 | Train Loss: 0.387072 | Val Loss: 0.418551 | LR: 5.70e-04
  Epoch   9/50 | Train Loss: 0.383467 | Val Loss: 0.418308 | LR: 6.69e-04
  Epoch  10/50 | Train Loss: 0.379921 | Val Loss: 0.431263 | LR: 7.60e-04
  Epoch  11/50 | Train Loss: 0.376244 | Val Loss: 0.422215 | LR: 8.41e-04
  Epoch  12/50 | Train Loss: 0.371861 | Val Loss: 0.429434 | LR: 9.09e-04
  Epoch  13/50 | Train Loss: 0.368026 | Val Loss: 0.426917 | LR: 9.59e-04
  Epoch  14/50 | Train Loss: 0.362300 | Val Loss: 0.435427 | LR: 9.90e-04
  Epoch  15/50 | Train Loss: 0.359214 | Val Loss: 0.432013 | LR: 1.00e-03
  Epoch  16/50 | Train Loss: 0.354316 | Val Loss: 0.435918 | LR: 9.98e-04
  Epoch  17/50 | Train Loss: 0.349494 | Val Loss: 0.440393 | LR: 9.92e-04
  Early stopping at epoch 17
  MSE: 0.486201 | MAE: 0.527487 | Time: 31s

  可视化已保存: ./output_seed2024/ablation_synthetic.png

========================================================================
  消融实验: ETTh1 真实数据
========================================================================

  ▶ pred_len = 96
  Epoch   1/30 | Train Loss: 0.533064 | Val Loss: 0.772137 | LR: 6.90e-05
  Epoch   2/30 | Train Loss: 0.410545 | Val Loss: 0.706296 | LR: 1.52e-04
  Epoch   3/30 | Train Loss: 0.382062 | Val Loss: 0.701973 | LR: 2.80e-04
  Epoch   4/30 | Train Loss: 0.372176 | Val Loss: 0.697899 | LR: 4.37e-04
  Epoch   5/30 | Train Loss: 0.364935 | Val Loss: 0.695708 | LR: 6.04e-04
  Epoch   6/30 | Train Loss: 0.359606 | Val Loss: 0.695503 | LR: 7.60e-04
  Epoch   7/30 | Train Loss: 0.354855 | Val Loss: 0.730733 | LR: 8.88e-04
  Epoch   8/30 | Train Loss: 0.350644 | Val Loss: 0.695754 | LR: 9.71e-04
  Epoch   9/30 | Train Loss: 0.347335 | Val Loss: 0.693332 | LR: 1.00e-03
  Epoch  10/30 | Train Loss: 0.344774 | Val Loss: 0.705997 | LR: 9.94e-04
  Epoch  11/30 | Train Loss: 0.342839 | Val Loss: 0.717192 | LR: 9.78e-04
  Epoch  12/30 | Train Loss: 0.340188 | Val Loss: 0.699515 | LR: 9.50e-04
  Epoch  13/30 | Train Loss: 0.338541 | Val Loss: 0.696158 | LR: 9.13e-04
  Epoch  14/30 | Train Loss: 0.336745 | Val Loss: 0.714785 | LR: 8.66e-04
  Epoch  15/30 | Train Loss: 0.335024 | Val Loss: 0.724186 | LR: 8.12e-04
  Epoch  16/30 | Train Loss: 0.334098 | Val Loss: 0.714057 | LR: 7.50e-04
  Early stopping at epoch 16
    PatchTST (no interaction)       MSE=0.374285  MAE=0.394955
  Epoch   1/30 | Train Loss: 0.489493 | Val Loss: 0.821834 | LR: 6.90e-05
  Epoch   2/30 | Train Loss: 0.394495 | Val Loss: 0.708546 | LR: 1.52e-04
  Epoch   3/30 | Train Loss: 0.371281 | Val Loss: 0.695179 | LR: 2.80e-04
  Epoch   4/30 | Train Loss: 0.364354 | Val Loss: 0.695239 | LR: 4.37e-04
  Epoch   5/30 | Train Loss: 0.357304 | Val Loss: 0.688561 | LR: 6.04e-04
  Epoch   6/30 | Train Loss: 0.350288 | Val Loss: 0.702370 | LR: 7.60e-04
  Epoch   7/30 | Train Loss: 0.344886 | Val Loss: 0.692018 | LR: 8.88e-04
  Epoch   8/30 | Train Loss: 0.340863 | Val Loss: 0.700002 | LR: 9.71e-04
  Epoch   9/30 | Train Loss: 0.337957 | Val Loss: 0.698298 | LR: 1.00e-03
  Epoch  10/30 | Train Loss: 0.334593 | Val Loss: 0.697249 | LR: 9.94e-04
  Epoch  11/30 | Train Loss: 0.332396 | Val Loss: 0.706128 | LR: 9.78e-04
  Epoch  12/30 | Train Loss: 0.328967 | Val Loss: 0.698597 | LR: 9.50e-04
  Early stopping at epoch 12
    w/o Gate (full attention)       MSE=0.380123  MAE=0.396792
  Epoch   1/30 | Train Loss: 0.487775 | Val Loss: 0.819034 | LR: 6.90e-05
  Epoch   2/30 | Train Loss: 0.395273 | Val Loss: 0.717449 | LR: 1.52e-04
  Epoch   3/30 | Train Loss: 0.371503 | Val Loss: 0.704202 | LR: 2.80e-04
  Epoch   4/30 | Train Loss: 0.364257 | Val Loss: 0.707002 | LR: 4.37e-04
  Epoch   5/30 | Train Loss: 0.357859 | Val Loss: 0.699685 | LR: 6.04e-04
  Epoch   6/30 | Train Loss: 0.352090 | Val Loss: 0.688510 | LR: 7.60e-04
  Epoch   7/30 | Train Loss: 0.346293 | Val Loss: 0.709157 | LR: 8.88e-04
  Epoch   8/30 | Train Loss: 0.342395 | Val Loss: 0.695702 | LR: 9.71e-04
  Epoch   9/30 | Train Loss: 0.339558 | Val Loss: 0.694487 | LR: 1.00e-03
  Epoch  10/30 | Train Loss: 0.336574 | Val Loss: 0.707252 | LR: 9.94e-04
  Epoch  11/30 | Train Loss: 0.333282 | Val Loss: 0.687996 | LR: 9.78e-04
  Epoch  12/30 | Train Loss: 0.330888 | Val Loss: 0.707293 | LR: 9.50e-04
  Epoch  13/30 | Train Loss: 0.328113 | Val Loss: 0.712743 | LR: 9.13e-04
  Epoch  14/30 | Train Loss: 0.325892 | Val Loss: 0.724981 | LR: 8.66e-04
  Epoch  15/30 | Train Loss: 0.323155 | Val Loss: 0.689764 | LR: 8.12e-04
  Epoch  16/30 | Train Loss: 0.321406 | Val Loss: 0.698822 | LR: 7.50e-04
  Epoch  17/30 | Train Loss: 0.318563 | Val Loss: 0.706702 | LR: 6.82e-04
  Epoch  18/30 | Train Loss: 0.316527 | Val Loss: 0.705232 | LR: 6.11e-04
  Early stopping at epoch 18
    w/o EnvSplit (global HSIC)      MSE=0.383369  MAE=0.403171
  Epoch   1/30 | Train Loss: 0.491145 | Val Loss: 0.817146 | LR: 6.90e-05
  Epoch   2/30 | Train Loss: 0.394958 | Val Loss: 0.719288 | LR: 1.52e-04
  Epoch   3/30 | Train Loss: 0.371736 | Val Loss: 0.700141 | LR: 2.80e-04
  Epoch   4/30 | Train Loss: 0.364461 | Val Loss: 0.700613 | LR: 4.37e-04
  Epoch   5/30 | Train Loss: 0.359072 | Val Loss: 0.692763 | LR: 6.04e-04
  Epoch   6/30 | Train Loss: 0.353211 | Val Loss: 0.689562 | LR: 7.60e-04
  Epoch   7/30 | Train Loss: 0.346976 | Val Loss: 0.685865 | LR: 8.88e-04
  Epoch   8/30 | Train Loss: 0.342444 | Val Loss: 0.690112 | LR: 9.71e-04
  Epoch   9/30 | Train Loss: 0.339577 | Val Loss: 0.693957 | LR: 1.00e-03
  Epoch  10/30 | Train Loss: 0.336865 | Val Loss: 0.688687 | LR: 9.94e-04
  Epoch  11/30 | Train Loss: 0.333626 | Val Loss: 0.692369 | LR: 9.78e-04
  Epoch  12/30 | Train Loss: 0.331764 | Val Loss: 0.696575 | LR: 9.50e-04
  Epoch  13/30 | Train Loss: 0.328804 | Val Loss: 0.692683 | LR: 9.13e-04
  Epoch  14/30 | Train Loss: 0.325911 | Val Loss: 0.693465 | LR: 8.66e-04
  Early stopping at epoch 14
    w/o HSIC (Pearson corr)         MSE=0.377913  MAE=0.396498
  Epoch   1/30 | Train Loss: 0.487773 | Val Loss: 0.819029 | LR: 6.90e-05
  Epoch   2/30 | Train Loss: 0.395272 | Val Loss: 0.717451 | LR: 1.52e-04
  Epoch   3/30 | Train Loss: 0.371504 | Val Loss: 0.704203 | LR: 2.80e-04
  Epoch   4/30 | Train Loss: 0.364257 | Val Loss: 0.707008 | LR: 4.37e-04
  Epoch   5/30 | Train Loss: 0.357861 | Val Loss: 0.699678 | LR: 6.04e-04
  Epoch   6/30 | Train Loss: 0.352103 | Val Loss: 0.688545 | LR: 7.60e-04
  Epoch   7/30 | Train Loss: 0.346321 | Val Loss: 0.709721 | LR: 8.88e-04
  Epoch   8/30 | Train Loss: 0.342410 | Val Loss: 0.696134 | LR: 9.71e-04
  Epoch   9/30 | Train Loss: 0.339590 | Val Loss: 0.695325 | LR: 1.00e-03
  Epoch  10/30 | Train Loss: 0.336473 | Val Loss: 0.709858 | LR: 9.94e-04
  Epoch  11/30 | Train Loss: 0.333230 | Val Loss: 0.687819 | LR: 9.78e-04
  Epoch  12/30 | Train Loss: 0.330834 | Val Loss: 0.713279 | LR: 9.50e-04
  Epoch  13/30 | Train Loss: 0.328052 | Val Loss: 0.711716 | LR: 9.13e-04
  Epoch  14/30 | Train Loss: 0.326044 | Val Loss: 0.723612 | LR: 8.66e-04
  Epoch  15/30 | Train Loss: 0.323019 | Val Loss: 0.690774 | LR: 8.12e-04
  Epoch  16/30 | Train Loss: 0.321612 | Val Loss: 0.698269 | LR: 7.50e-04
  Epoch  17/30 | Train Loss: 0.318799 | Val Loss: 0.708268 | LR: 6.82e-04
  Epoch  18/30 | Train Loss: 0.316359 | Val Loss: 0.705301 | LR: 6.11e-04
  Early stopping at epoch 18
    Full CausalCIT (Ours)           MSE=0.383371  MAE=0.403032

  ▶ pred_len = 336
  Epoch   1/30 | Train Loss: 0.643721 | Val Loss: 1.359504 | LR: 6.90e-05
  Epoch   2/30 | Train Loss: 0.532264 | Val Loss: 1.299309 | LR: 1.52e-04
  Epoch   3/30 | Train Loss: 0.507622 | Val Loss: 1.295412 | LR: 2.80e-04
  Epoch   4/30 | Train Loss: 0.497803 | Val Loss: 1.302956 | LR: 4.37e-04
  Epoch   5/30 | Train Loss: 0.490471 | Val Loss: 1.316306 | LR: 6.04e-04
  Epoch   6/30 | Train Loss: 0.482408 | Val Loss: 1.312309 | LR: 7.60e-04
  Epoch   7/30 | Train Loss: 0.472539 | Val Loss: 1.319280 | LR: 8.88e-04
  Epoch   8/30 | Train Loss: 0.467252 | Val Loss: 1.331893 | LR: 9.71e-04
  Epoch   9/30 | Train Loss: 0.462537 | Val Loss: 1.316551 | LR: 1.00e-03
  Epoch  10/30 | Train Loss: 0.458811 | Val Loss: 1.334620 | LR: 9.94e-04
  Early stopping at epoch 10
    PatchTST (no interaction)       MSE=0.485280  MAE=0.453058
  Epoch   1/30 | Train Loss: 0.593411 | Val Loss: 1.380075 | LR: 6.90e-05
  Epoch   2/30 | Train Loss: 0.515961 | Val Loss: 1.311063 | LR: 1.52e-04
  Epoch   3/30 | Train Loss: 0.495147 | Val Loss: 1.298511 | LR: 2.80e-04
  Epoch   4/30 | Train Loss: 0.483873 | Val Loss: 1.309649 | LR: 4.37e-04
  Epoch   5/30 | Train Loss: 0.473272 | Val Loss: 1.327880 | LR: 6.04e-04
  Epoch   6/30 | Train Loss: 0.464770 | Val Loss: 1.320191 | LR: 7.60e-04
  Epoch   7/30 | Train Loss: 0.457482 | Val Loss: 1.299444 | LR: 8.88e-04
  Epoch   8/30 | Train Loss: 0.450509 | Val Loss: 1.306306 | LR: 9.71e-04
  Epoch   9/30 | Train Loss: 0.445156 | Val Loss: 1.286362 | LR: 1.00e-03
  Epoch  10/30 | Train Loss: 0.439810 | Val Loss: 1.281884 | LR: 9.94e-04
  Epoch  11/30 | Train Loss: 0.434533 | Val Loss: 1.279576 | LR: 9.78e-04
  Epoch  12/30 | Train Loss: 0.430243 | Val Loss: 1.287906 | LR: 9.50e-04
  Epoch  13/30 | Train Loss: 0.425320 | Val Loss: 1.294140 | LR: 9.13e-04
  Epoch  14/30 | Train Loss: 0.421109 | Val Loss: 1.299196 | LR: 8.66e-04
  Epoch  15/30 | Train Loss: 0.416639 | Val Loss: 1.294761 | LR: 8.12e-04
  Epoch  16/30 | Train Loss: 0.411283 | Val Loss: 1.302844 | LR: 7.50e-04
  Epoch  17/30 | Train Loss: 0.406997 | Val Loss: 1.295636 | LR: 6.82e-04
  Epoch  18/30 | Train Loss: 0.405180 | Val Loss: 1.292375 | LR: 6.11e-04
  Early stopping at epoch 18
    w/o Gate (full attention)       MSE=0.469125  MAE=0.451038
  Epoch   1/30 | Train Loss: 0.595304 | Val Loss: 1.381472 | LR: 6.90e-05
  Epoch   2/30 | Train Loss: 0.515968 | Val Loss: 1.308359 | LR: 1.52e-04
  Epoch   3/30 | Train Loss: 0.495352 | Val Loss: 1.291626 | LR: 2.80e-04
  Epoch   4/30 | Train Loss: 0.484236 | Val Loss: 1.304319 | LR: 4.37e-04
  Epoch   5/30 | Train Loss: 0.474968 | Val Loss: 1.332326 | LR: 6.04e-04
  Epoch   6/30 | Train Loss: 0.466532 | Val Loss: 1.330342 | LR: 7.60e-04
  Epoch   7/30 | Train Loss: 0.458985 | Val Loss: 1.329246 | LR: 8.88e-04
  Epoch   8/30 | Train Loss: 0.452899 | Val Loss: 1.310747 | LR: 9.71e-04
  Epoch   9/30 | Train Loss: 0.448993 | Val Loss: 1.303432 | LR: 1.00e-03
  Epoch  10/30 | Train Loss: 0.443685 | Val Loss: 1.288747 | LR: 9.94e-04
  Epoch  11/30 | Train Loss: 0.437213 | Val Loss: 1.293430 | LR: 9.78e-04
  Epoch  12/30 | Train Loss: 0.432047 | Val Loss: 1.287183 | LR: 9.50e-04
  Epoch  13/30 | Train Loss: 0.428527 | Val Loss: 1.277613 | LR: 9.13e-04
  Epoch  14/30 | Train Loss: 0.424214 | Val Loss: 1.278581 | LR: 8.66e-04
  Epoch  15/30 | Train Loss: 0.420471 | Val Loss: 1.287622 | LR: 8.12e-04
  Epoch  16/30 | Train Loss: 0.417151 | Val Loss: 1.283491 | LR: 7.50e-04
  Epoch  17/30 | Train Loss: 0.412924 | Val Loss: 1.294966 | LR: 6.82e-04
  Epoch  18/30 | Train Loss: 0.410574 | Val Loss: 1.292929 | LR: 6.11e-04
  Epoch  19/30 | Train Loss: 0.406987 | Val Loss: 1.300302 | LR: 5.37e-04
  Epoch  20/30 | Train Loss: 0.404475 | Val Loss: 1.302072 | LR: 4.62e-04
  Early stopping at epoch 20
    w/o EnvSplit (global HSIC)      MSE=0.468812  MAE=0.454642
  Epoch   1/30 | Train Loss: 0.598694 | Val Loss: 1.381769 | LR: 6.90e-05
  Epoch   2/30 | Train Loss: 0.516191 | Val Loss: 1.310542 | LR: 1.52e-04
  Epoch   3/30 | Train Loss: 0.496156 | Val Loss: 1.299508 | LR: 2.80e-04
  Epoch   4/30 | Train Loss: 0.485239 | Val Loss: 1.312594 | LR: 4.37e-04
  Epoch   5/30 | Train Loss: 0.475540 | Val Loss: 1.329233 | LR: 6.04e-04
  Epoch   6/30 | Train Loss: 0.467403 | Val Loss: 1.326813 | LR: 7.60e-04
  Epoch   7/30 | Train Loss: 0.459411 | Val Loss: 1.312730 | LR: 8.88e-04
  Epoch   8/30 | Train Loss: 0.452884 | Val Loss: 1.309778 | LR: 9.71e-04
  Epoch   9/30 | Train Loss: 0.448112 | Val Loss: 1.310711 | LR: 1.00e-03
  Epoch  10/30 | Train Loss: 0.443233 | Val Loss: 1.272425 | LR: 9.94e-04
  Epoch  11/30 | Train Loss: 0.439172 | Val Loss: 1.294497 | LR: 9.78e-04
  Epoch  12/30 | Train Loss: 0.435833 | Val Loss: 1.290052 | LR: 9.50e-04
  Epoch  13/30 | Train Loss: 0.431321 | Val Loss: 1.292030 | LR: 9.13e-04
  Epoch  14/30 | Train Loss: 0.427960 | Val Loss: 1.299010 | LR: 8.66e-04
  Epoch  15/30 | Train Loss: 0.426132 | Val Loss: 1.302704 | LR: 8.12e-04
  Epoch  16/30 | Train Loss: 0.421148 | Val Loss: 1.302571 | LR: 7.50e-04
  Epoch  17/30 | Train Loss: 0.418676 | Val Loss: 1.299141 | LR: 6.82e-04
  Early stopping at epoch 17
    w/o HSIC (Pearson corr)         MSE=0.469462  MAE=0.452124
  Epoch   1/30 | Train Loss: 0.595302 | Val Loss: 1.381470 | LR: 6.90e-05
  Epoch   2/30 | Train Loss: 0.515967 | Val Loss: 1.308359 | LR: 1.52e-04
  Epoch   3/30 | Train Loss: 0.495352 | Val Loss: 1.291628 | LR: 2.80e-04
  Epoch   4/30 | Train Loss: 0.484245 | Val Loss: 1.304201 | LR: 4.37e-04
  Epoch   5/30 | Train Loss: 0.474999 | Val Loss: 1.332269 | LR: 6.04e-04
  Epoch   6/30 | Train Loss: 0.466568 | Val Loss: 1.330490 | LR: 7.60e-04
  Epoch   7/30 | Train Loss: 0.459009 | Val Loss: 1.329217 | LR: 8.88e-04
  Epoch   8/30 | Train Loss: 0.452941 | Val Loss: 1.310397 | LR: 9.71e-04
  Epoch   9/30 | Train Loss: 0.449007 | Val Loss: 1.303645 | LR: 1.00e-03
  Epoch  10/30 | Train Loss: 0.443702 | Val Loss: 1.289330 | LR: 9.94e-04
  Epoch  11/30 | Train Loss: 0.437270 | Val Loss: 1.293632 | LR: 9.78e-04
  Epoch  12/30 | Train Loss: 0.432213 | Val Loss: 1.287979 | LR: 9.50e-04
  Epoch  13/30 | Train Loss: 0.428599 | Val Loss: 1.276619 | LR: 9.13e-04
  Epoch  14/30 | Train Loss: 0.424328 | Val Loss: 1.279434 | LR: 8.66e-04
  Epoch  15/30 | Train Loss: 0.420926 | Val Loss: 1.289682 | LR: 8.12e-04
  Epoch  16/30 | Train Loss: 0.417208 | Val Loss: 1.283681 | LR: 7.50e-04
  Epoch  17/30 | Train Loss: 0.413341 | Val Loss: 1.293818 | LR: 6.82e-04
  Epoch  18/30 | Train Loss: 0.411164 | Val Loss: 1.292393 | LR: 6.11e-04
  Epoch  19/30 | Train Loss: 0.407130 | Val Loss: 1.303297 | LR: 5.37e-04
  Epoch  20/30 | Train Loss: 0.404253 | Val Loss: 1.303662 | LR: 4.62e-04
  Early stopping at epoch 20
    Full CausalCIT (Ours)           MSE=0.468979  MAE=0.454538

  可视化已保存: ./output_seed2024/ablation_etth1.png

  报告已保存: ./output_seed2024/ablation_report.md

========================================================================
  消融实验完成！
========================================================================
  输出目录: /home/wangsh/workspace/Liu/03_experiments/CausalCIT/CausalCIT_ablation/output_seed2024

  <<< Seed = 2024 完成: 2026年 07月 20日 星期一 20:21:02 CST

==========================================
  全部完成！
  结束时间: 2026年 07月 20日 星期一 20:21:02 CST
  输出目录:
    ./output_seed42/ablation_report.md
    ./output_seed123/ablation_report.md
    ./output_seed2024/ablation_report.md
==========================================
